// Jest Snapshot v1, https://goo.gl/fbAQLP

exports[`renders correctly 1`] = `
<div>
  <h1>
    Names
  </h1>
  <ul>
    <li>
      <button
        onClick={[Function]}
      >
        P1
      </button>
       
    </li>
    <li>
      <button
        onClick={[Function]}
      >
        P2
      </button>
       
    </li>
  </ul>
</div>
`;
